Microchip MPLAB XC8 Compiler V1.32 ()

Linker command line:

--edf=C:\Program Files\Microchip\xc8\v1.32\dat\en_msgs.txt -cs \
  -h+dist/default/production\TRIG.X.production.sym \
  --cmf=dist/default/production\TRIG.X.production.cmf -z -Q16F527 \
  -oC:\Users\PHILIP~1.KIR\AppData\Local\Temp\sd8k.6 \
  -Mdist/default/production/TRIG.X.production.map -E1 -ver=XC8 \
  -ASTACK=030h-03fh -pstack=STACK -ACODE=00h-01FFh,0200h-03FEh \
  -AENTRY=00h-0FFh-01FFh,0200h-02FFh-03FEh -ASTRING=00h-0FFh,0200h-02FFh \
  -ASTRCODE=00h-03FEh -ACOMMON=0Ch-0Fh -ABANK0=010h-01Fh -ABANK1=030h-03Fh \
  -ABANK2=050h-05Fh -ABANK3=070h-07Fh \
  -ARAM=010h-01Fh,030h-03Fh,050h-05Fh,070h-07Fh \
  -AABS1=0Ch-01Fh,030h-03Fh,050h-05Fh,070h-07Fh -ASFR0=00h-0Fh \
  -ASFR1=020h-02Fh -ASFR2=040h-04Fh -ASFR3=060h-06Fh \
  -preset_vec=03ffh,reset_wrap=0h,intentry,init,end_init,cinit,clrtext \
  -ppowerup=CODE -pfunctab=ENTRY -ACONFIG=0FFFh-0FFFh -pconfig=CONFIG \
  -DCONFIG=2 -AIDLOC=0440h-0443h -pidloc=IDLOC -DIDLOC=2 -pstrings=-STRING \
  -DCODE=2 -DSTRCODE=2 -DSTRING=2 -DCONST=2 -DENTRY=2 -k \
  C:\Users\PHILIP~1.KIR\AppData\Local\Temp\sd8k.obj \
  dist/default/production\TRIG.X.production.obj 

Object code version is 3.11

Machine type is 16F527



                Name                               Link     Load   Length Selector   Space Scale
C:\Users\PHILIP~1.KIR\AppData\Local\Temp\sd8k.obj
                end_init                              2        2        2        0       0
                reset_wrap                            0        0        2        0       0
                reset_vec                           3FF      3FF        1      7FE       0
                config                              FFF      FFF        1     1FFE       0
dist/default/production\TRIG.X.production.obj
                cinit                                 4        4        A        0       0
                text9                                32       32        D       64       0
                text8                               2C6      2C6        B      58C       0
                text7                               3B4      3B4       4B      768       0
                text6                                27       27        B       4E       0
                text5                                3F       3F       87       7E       0
                text4                               333      333       3E      666       0
                text3                               2D1      2D1       27      5A2       0
                text2                                C6       C6      13A      18C       0
                jmp_tab                               E        E       12        0       0
                text1                               2F8      2F8       3B      5F0       0
                maintext                            371      371       43      6E2       0
                cstackBANK0                          17       17        6       10       1
                bssBANK0                             10       10        7       10       1

TOTAL           Name                               Link     Load   Length     Space
        CLASS   STACK          

        CLASS   CODE           
                reset_vec                           3FF      3FF        1         0
                text9                                32       32        D         0
                text8                               2C6      2C6        B         0
                text7                               3B4      3B4       4B         0
                text6                                27       27        B         0
                text5                                3F       3F       87         0
                text4                               333      333       3E         0
                text3                               2D1      2D1       27         0
                text2                                C6       C6      13A         0
                text1                               2F8      2F8       3B         0
                maintext                            371      371       43         0

        CLASS   ENTRY          
                end_init                              2        2        2         0
                cinit                                 4        4        A         0
                reset_wrap                            0        0        2         0
                jmp_tab                               E        E       12         0

        CLASS   STRING         

        CLASS   STRCODE        

        CLASS   COMMON         

        CLASS   BANK0          
                cstackBANK0                          17       17        6         1
                bssBANK0                             10       10        7         1

        CLASS   BANK1          

        CLASS   BANK2          

        CLASS   BANK3          

        CLASS   RAM            

        CLASS   ABS1           
                abs_s1                                C        C        4         1

        CLASS   SFR0           

        CLASS   SFR1           

        CLASS   SFR2           

        CLASS   SFR3           

        CLASS   CONFIG         
                config                              FFF      FFF        1         0

        CLASS   IDLOC          

        CLASS   CONST          



SEGMENTS        Name                           Load    Length   Top    Selector   Space  Class     Delta

                reset_wrap                     000000  000020  000020         0       0  ENTRY       2
                bssBANK0                       000010  00000D  00001D        10       1  BANK0       1
                text6                          000027  00000B  000032        4E       0  CODE        2
                text9                          000032  00000D  00003F        64       0  CODE        2
                text5                          00003F  000087  0000C6        7E       0  CODE        2
                text2                          0000C6  00013A  000200       18C       0  CODE        2
                text8                          0002C6  00000B  0002D1       58C       0  CODE        2
                text3                          0002D1  000027  0002F8       5A2       0  CODE        2
                text1                          0002F8  00003B  000333       5F0       0  CODE        2
                text4                          000333  00003E  000371       666       0  CODE        2
                maintext                       000371  000043  0003B4       6E2       0  CODE        2
                text7                          0003B4  00004B  0003FF       768       0  CODE        2
                reset_vec                      0003FF  000001  000400       7FE       0  CODE        2
                config                         000FFF  000001  001000      1FFE       0  CONFIG      2


UNUSED ADDRESS RANGES

        Name                Unused          Largest block    Delta
        BANK0            001D-001F              3           1
        BANK1            0030-003F             10           1
        BANK2            0050-005F             10           1
        BANK3            0070-007F             10           1
        CODE             0020-0026              7           2
                         0200-02C5             C6
        ENTRY            0020-0026              7           2
                         0200-02C5             C6
        IDLOC            0440-0443              4           2
        RAM              001D-001F              3           1
                         0030-003F             10
                         0050-005F             10
                         0070-007F             10
        SFR0             0000-000B              C           1
        SFR1             0020-002F             10           1
        SFR2             0040-004F             10           1
        SFR3             0060-006F             10           1
        STACK            0030-003F             10           1
        STRCODE          0020-0026              7           2
                         0200-02C5             C6
        STRING           0020-0026              7           2
                         0200-02C5             C6

                                  Symbol Table

_ADCON0                  (abs)       0009
_ADCON0bits              (abs)       0009
_ADRES                   (abs)       000A
_ANSELbits               (abs)       002A
_CM1CON0bits             (abs)       0027
_CM2CON0bits             (abs)       0028
_GO_nDONE                (abs)       0049
_OPTION                  (abs)       0000
_PORTAbits               (abs)       0006
_PORTCbits               (abs)       0008
_RB5                     (abs)       003D
_RB6                     (abs)       003E
_RC5                     (abs)       0045
_TRISA                   (abs)       0006
_TRISB                   (abs)       0007
_TRISC                   (abs)       0008
__CFG_BOREN$OFF          (abs)       0000
__CFG_CP$OFF             (abs)       0000
__CFG_CPSW$OFF           (abs)       0000
__CFG_DRTEN$OFF          (abs)       0000
__CFG_FOSC$INTRC_IO      (abs)       0000
__CFG_IOSCFS$8MHz        (abs)       0000
__CFG_MCLRE$OFF          (abs)       0000
__CFG_WDTE$OFF           (abs)       0000
__Habs1                  abs1        0000
__Hbank0                 bank0       0000
__Hbank1                 bank1       0000
__Hbank2                 bank2       0000
__Hbank3                 bank3       0000
__HbssBANK0              bssBANK0    0000
__Hcinit                 cinit       000E
__Hclrtext               clrtext     000E
__Hcode                  code        0000
__Hcommon                common      0000
__Hconfig                config      1000
__HcstackBANK0           cstackBANK0 0000
__Hend_init              end_init    0004
__Hfunctab               functab     0000
__Hidloc                 idloc       0000
__Hinit                  init        0002
__Hintentry              intentry    0002
__Hjmp_tab               jmp_tab     0000
__Hmaintext              maintext    0000
__Hpowerup               powerup     0000
__Hram                   ram         0000
__Hreset_vec             reset_vec   0400
__Hreset_wrap            reset_wrap  0002
__Hsfr0                  sfr0        0000
__Hsfr1                  sfr1        0000
__Hsfr2                  sfr2        0000
__Hsfr3                  sfr3        0000
__Hspace_0               (abs)       1000
__Hspace_1               (abs)       001D
__Hspace_2               (abs)       0000
__Hstack                 stack       0000
__Hstrings               strings     0000
__Htext                  text        0000
__Labs1                  abs1        0000
__Lbank0                 bank0       0000
__Lbank1                 bank1       0000
__Lbank2                 bank2       0000
__Lbank3                 bank3       0000
__LbssBANK0              bssBANK0    0000
__Lcinit                 cinit       0004
__Lclrtext               clrtext     000E
__Lcode                  code        0000
__Lcommon                common      0000
__Lconfig                config      0FFF
__LcstackBANK0           cstackBANK0 0000
__Lend_init              end_init    0002
__Lfunctab               functab     0000
__Lidloc                 idloc       0000
__Linit                  init        0002
__Lintentry              intentry    0002
__Ljmp_tab               jmp_tab     0000
__Lmaintext              maintext    0000
__Lpowerup               powerup     0000
__Lram                   ram         0000
__Lreset_vec             reset_vec   03FF
__Lreset_wrap            reset_wrap  0000
__Lsfr0                  sfr0        0000
__Lsfr1                  sfr1        0000
__Lsfr2                  sfr2        0000
__Lsfr3                  sfr3        0000
__Lspace_0               (abs)       0000
__Lspace_1               (abs)       0000
__Lspace_2               (abs)       0000
__Lstack                 stack       0000
__Lstrings               strings     0000
__Ltext                  text        0000
__S0                     (abs)       1000
__S1                     (abs)       001D
__S2                     (abs)       0000
___int_sp                stack       0000
___latbits               (abs)       0001
___sp                    stack       0000
__end_of__initialization cinit       000B
__end_of_adc_read        text8       02D1
__end_of_init            text9       003F
__end_of_laser           text5       00C6
__end_of_light           text4       0371
__end_of_main            maintext    03B4
__end_of_option_select   text3       02F8
__end_of_output          text7       03FF
__end_of_ping            text2       0200
__end_of_pir_mic         text1       0333
__end_of_poll_stack      text6       0032
__initialization         cinit       0004
__pbssBANK0              bssBANK0    0010
__pcstackBANK0           cstackBANK0 0017
__pjmp_tab               jmp_tab     000E
__pmaintext              maintext    0371
__ptext0                 text0       0000
__ptext1                 text1       02F8
__ptext2                 text2       00C6
__ptext3                 text3       02D1
__ptext4                 text4       0333
__ptext5                 text5       003F
__ptext6                 text6       0027
__ptext7                 text7       03B4
__ptext8                 text8       02C6
__ptext9                 text9       0032
__size_of_adc_read       (abs)       0000
__size_of_init           (abs)       0000
__size_of_laser          (abs)       0000
__size_of_light          (abs)       0000
__size_of_main           (abs)       0000
__size_of_option_select  (abs)       0000
__size_of_output         (abs)       0000
__size_of_ping           (abs)       0000
__size_of_pir_mic        (abs)       0000
__size_of_poll_stack     (abs)       0000
_adc                     bssBANK0    0014
_adc_read                text8       02C6
_count                   bssBANK0    0010
_count2                  bssBANK0    0012
_init                    text9       0032
_laser                   text5       003F
_light                   text4       0333
_main                    maintext    0371
_option_select           text3       02D1
_output                  text7       03B4
_ping                    text2       00C6
_pir_mic                 text1       02F8
_poll_stack              text6       0027
_sensor_config           bssBANK0    0015
_sensor_info             bssBANK0    0016
btemp                    (abs)       000C
end_of_initialization    cinit       000B
entry__adc_read          jmp_tab     001C
entry__init              jmp_tab     001E
entry__laser             jmp_tab     0016
entry__light             jmp_tab     0014
entry__option_select     jmp_tab     0012
entry__output            jmp_tab     001A
entry__ping              jmp_tab     0010
entry__pir_mic           jmp_tab     000E
entry__poll_stack        jmp_tab     0018
intlevel0                intentry    0002
intlevel1                intentry    0002
intlevel2                intentry    0002
intlevel3                intentry    0002
intlevel4                intentry    0002
intlevel5                intentry    0002
ltemp                    (abs)       000C
ltemp0                   (abs)       000C
ltemp1                   (abs)       0010
ltemp2                   (abs)       0014
ltemp3                   (abs)       000E
ping@a                   cstackBANK0 001A
pir_mic@high_thold       cstackBANK0 001C
pir_mic@low_thold        cstackBANK0 001B
pir_mic@reset_count      cstackBANK0 0019
reset_vec                reset_vec   03FF
stackhi                  (abs)       0000
stacklo                  (abs)       0000
start                    init        0002
start_initialization     cinit       0004
ttemp                    (abs)       000C
ttemp0                   (abs)       000C
ttemp1                   (abs)       000F
ttemp2                   (abs)       0012
ttemp3                   (abs)       0015
ttemp4                   (abs)       000D
wtemp                    (abs)       000C
wtemp0                   (abs)       000C
wtemp1                   (abs)       000E
wtemp2                   (abs)       0010
wtemp3                   (abs)       0012
wtemp4                   (abs)       0014
wtemp5                   (abs)       0016
wtemp6                   (abs)       000D


FUNCTION INFORMATION:

 *************** function _main *****************
 Defined at:
		line 34 in file "../Main.c"
 Parameters:    Size  Location     Type
		None
 Auto vars:     Size  Location     Type
		None
 Return value:  Size  Location     Type
		None               void
 Registers used:
		wreg, fsr0l, fsr0h, status,2, status,0, btemp+0, btemp+1, pclath, cstack
 Tracked objects:
		On entry : 
		On exit  : 
		Unchanged: 
 Data sizes:      BANK0   BANK1   BANK3   BANK2  COMMON
      Params:         0       0       0       0       0
      Locals:         0       0       0       0       0
      Temps:          0       0       0       0       0
      Totals:         0       0       0       0       0
Total ram usage:        0 bytes
 Hardware stack levels required when called:    2
 This function calls:
		_init
		_laser
		_light
		_option_select
		_ping
		_pir_mic
 This function is called by:
		Startup code after reset
 This function uses a non-reentrant model


 *************** function _pir_mic *****************
 Defined at:
		line 5 in file "../pir_mic.c"
 Parameters:    Size  Location     Type
  reset_count     2    2[BANK0 ] unsigned int 
  low_thold       1    4[BANK0 ] unsigned char 
  high_thold      1    5[BANK0 ] unsigned char 
 Auto vars:     Size  Location     Type
		None
 Return value:  Size  Location     Type
		None               void
 Registers used:
		wreg, fsr0l, fsr0h, status,2, status,0, btemp+0, btemp+1, pclath, cstack
 Tracked objects:
		On entry : 
		On exit  : 
		Unchanged: 
 Data sizes:      BANK0   BANK1   BANK3   BANK2  COMMON
      Params:         4       0       0       0       0
      Locals:         0       0       0       0       0
      Temps:          0       0       0       0       0
      Totals:         4       0       0       0       0
Total ram usage:        4 bytes
 Hardware stack levels used:    1
 Hardware stack levels required when called:    1
 This function calls:
		_adc_read
		_output
		_poll_stack
 This function is called by:
		_main
 This function uses a non-reentrant model


 *************** function _ping *****************
 Defined at:
		line 118 in file "../Main.c"
 Parameters:    Size  Location     Type
		None
 Auto vars:     Size  Location     Type
  a               2    3[BANK0 ] unsigned int 
 Return value:  Size  Location     Type
		None               void
 Registers used:
		wreg, fsr0l, fsr0h, status,2, btemp+0, btemp+1
 Tracked objects:
		On entry : 
		On exit  : 
		Unchanged: 
 Data sizes:      BANK0   BANK1   BANK3   BANK2  COMMON
      Params:         0       0       0       0       0
      Locals:         2       0       0       0       0
      Temps:          3       0       0       0       0
      Totals:         5       0       0       0       0
Total ram usage:        5 bytes
 Hardware stack levels used:    1
 This function calls:
		Nothing
 This function is called by:
		_main
 This function uses a non-reentrant model


 *************** function _option_select *****************
 Defined at:
		line 89 in file "../Main.c"
 Parameters:    Size  Location     Type
		None
 Auto vars:     Size  Location     Type
		None
 Return value:  Size  Location     Type
		None               void
 Registers used:
		wreg, fsr0l, fsr0h, status,2, status,0
 Tracked objects:
		On entry : 
		On exit  : 
		Unchanged: 
 Data sizes:      BANK0   BANK1   BANK3   BANK2  COMMON
      Params:         0       0       0       0       0
      Locals:         0       0       0       0       0
      Temps:          2       0       0       0       0
      Totals:         2       0       0       0       0
Total ram usage:        2 bytes
 Hardware stack levels used:    1
 This function calls:
		Nothing
 This function is called by:
		_main
 This function uses a non-reentrant model


 *************** function _light *****************
 Defined at:
		line 5 in file "../light.c"
 Parameters:    Size  Location     Type
		None
 Auto vars:     Size  Location     Type
		None
 Return value:  Size  Location     Type
		None               void
 Registers used:
		wreg, fsr0l, fsr0h, status,2, status,0, btemp+0, btemp+1, pclath, cstack
 Tracked objects:
		On entry : 
		On exit  : 
		Unchanged: 
 Data sizes:      BANK0   BANK1   BANK3   BANK2  COMMON
      Params:         0       0       0       0       0
      Locals:         0       0       0       0       0
      Temps:          0       0       0       0       0
      Totals:         0       0       0       0       0
Total ram usage:        0 bytes
 Hardware stack levels used:    1
 Hardware stack levels required when called:    1
 This function calls:
		_adc_read
		_output
		_poll_stack
 This function is called by:
		_main
 This function uses a non-reentrant model


 *************** function _laser *****************
 Defined at:
		line 5 in file "../laser.c"
 Parameters:    Size  Location     Type
		None
 Auto vars:     Size  Location     Type
		None
 Return value:  Size  Location     Type
		None               void
 Registers used:
		wreg, fsr0l, fsr0h, status,2, status,0, btemp+0, btemp+1, pclath, cstack
 Tracked objects:
		On entry : 
		On exit  : 
		Unchanged: 
 Data sizes:      BANK0   BANK1   BANK3   BANK2  COMMON
      Params:         0       0       0       0       0
      Locals:         0       0       0       0       0
      Temps:          0       0       0       0       0
      Totals:         0       0       0       0       0
Total ram usage:        0 bytes
 Hardware stack levels used:    1
 Hardware stack levels required when called:    1
 This function calls:
		_adc_read
		_output
		_poll_stack
 This function is called by:
		_main
 This function uses a non-reentrant model


 *************** function _poll_stack *****************
 Defined at:
		line 18 in file "../utils.c"
 Parameters:    Size  Location     Type
		None
 Auto vars:     Size  Location     Type
		None
 Return value:  Size  Location     Type
		None               void
 Registers used:
		fsr0l, fsr0h
 Tracked objects:
		On entry : 
		On exit  : 
		Unchanged: 
 Data sizes:      BANK0   BANK1   BANK3   BANK2  COMMON
      Params:         0       0       0       0       0
      Locals:         0       0       0       0       0
      Temps:          0       0       0       0       0
      Totals:         0       0       0       0       0
Total ram usage:        0 bytes
 Hardware stack levels used:    1
 This function calls:
		Nothing
 This function is called by:
		_light
		_laser
		_pir_mic
 This function uses a non-reentrant model


 *************** function _output *****************
 Defined at:
		line 50 in file "../utils.c"
 Parameters:    Size  Location     Type
		None
 Auto vars:     Size  Location     Type
		None
 Return value:  Size  Location     Type
		None               void
 Registers used:
		wreg, fsr0l, fsr0h, status,2, status,0
 Tracked objects:
		On entry : 
		On exit  : 
		Unchanged: 
 Data sizes:      BANK0   BANK1   BANK3   BANK2  COMMON
      Params:         0       0       0       0       0
      Locals:         0       0       0       0       0
      Temps:          2       0       0       0       0
      Totals:         2       0       0       0       0
Total ram usage:        2 bytes
 Hardware stack levels used:    1
 This function calls:
		Nothing
 This function is called by:
		_light
		_laser
		_pir_mic
 This function uses a non-reentrant model


 *************** function _adc_read *****************
 Defined at:
		line 7 in file "../utils.c"
 Parameters:    Size  Location     Type
		None
 Auto vars:     Size  Location     Type
		None
 Return value:  Size  Location     Type
		None               void
 Registers used:
		wreg, fsr0l, fsr0h
 Tracked objects:
		On entry : 
		On exit  : 
		Unchanged: 
 Data sizes:      BANK0   BANK1   BANK3   BANK2  COMMON
      Params:         0       0       0       0       0
      Locals:         0       0       0       0       0
      Temps:          0       0       0       0       0
      Totals:         0       0       0       0       0
Total ram usage:        0 bytes
 Hardware stack levels used:    1
 This function calls:
		Nothing
 This function is called by:
		_light
		_laser
		_pir_mic
 This function uses a non-reentrant model


 *************** function _init *****************
 Defined at:
		line 72 in file "../Main.c"
 Parameters:    Size  Location     Type
		None
 Auto vars:     Size  Location     Type
		None
 Return value:  Size  Location     Type
		None               void
 Registers used:
		wreg, fsr0l, fsr0h
 Tracked objects:
		On entry : 
		On exit  : 
		Unchanged: 
 Data sizes:      BANK0   BANK1   BANK3   BANK2  COMMON
      Params:         0       0       0       0       0
      Locals:         0       0       0       0       0
      Temps:          0       0       0       0       0
      Totals:         0       0       0       0       0
Total ram usage:        0 bytes
 Hardware stack levels used:    1
 This function calls:
		Nothing
 This function is called by:
		_main
 This function uses a non-reentrant model



MODULE INFORMATION

Module		Function		Class		Link	Load	Size
../pir_mic.c
		_pir_mic       		CODE           	02F8	0000	59

../pir_mic.c estimated size: 59

../Main.c
		_init          		CODE           	0032	0000	13
		_ping          		CODE           	00C6	0000	314
		_option_select 		CODE           	02D1	0000	39
		_main          		CODE           	0371	0000	67

../Main.c estimated size: 433

shared
		__initializatio		ENTRY          	0004	0000	7

shared estimated size: 7

../laser.c
		_laser         		CODE           	003F	0000	135

../laser.c estimated size: 135

../light.c
		_light         		CODE           	0333	0000	62

../light.c estimated size: 62

../utils.c
		_poll_stack    		CODE           	0027	0000	11
		_output        		CODE           	03B4	0000	75
		_adc_read      		CODE           	02C6	0000	11

../utils.c estimated size: 97

